Archive member included because of file (symbol)

c:/users/hmamd/downloads/embedded system/imt_sdk_win_64/winavr/bin/../lib/gcc/avr/4.3.3/avr5\libgcc.a(_udivmodsi4.o)
                              ./CLCD_program.o (__udivmodsi4)
c:/users/hmamd/downloads/embedded system/imt_sdk_win_64/winavr/bin/../lib/gcc/avr/4.3.3/avr5\libgcc.a(_exit.o)
                              c:/users/hmamd/downloads/embedded system/imt_sdk_win_64/winavr/bin/../lib/gcc/avr/4.3.3/../../../../avr/lib/avr5/crtm32.o (exit)
c:/users/hmamd/downloads/embedded system/imt_sdk_win_64/winavr/bin/../lib/gcc/avr/4.3.3/avr5\libgcc.a(_copy_data.o)
                              ./House_System_program.o (__do_copy_data)
c:/users/hmamd/downloads/embedded system/imt_sdk_win_64/winavr/bin/../lib/gcc/avr/4.3.3/avr5\libgcc.a(_clear_bss.o)
                              ./House_System_program.o (__do_clear_bss)
c:/users/hmamd/downloads/embedded system/imt_sdk_win_64/winavr/bin/../lib/gcc/avr/4.3.3/avr5\libgcc.a(_fixunssfsi.o)
                              ./Buzzer_program.o (__fixunssfsi)
c:/users/hmamd/downloads/embedded system/imt_sdk_win_64/winavr/bin/../lib/gcc/avr/4.3.3/avr5\libgcc.a(_addsub_sf.o)
                              c:/users/hmamd/downloads/embedded system/imt_sdk_win_64/winavr/bin/../lib/gcc/avr/4.3.3/avr5\libgcc.a(_fixunssfsi.o) (__subsf3)
c:/users/hmamd/downloads/embedded system/imt_sdk_win_64/winavr/bin/../lib/gcc/avr/4.3.3/avr5\libgcc.a(_mul_sf.o)
                              ./Buzzer_program.o (__mulsf3)
c:/users/hmamd/downloads/embedded system/imt_sdk_win_64/winavr/bin/../lib/gcc/avr/4.3.3/avr5\libgcc.a(_div_sf.o)
                              ./Mapping_program.o (__divsf3)
c:/users/hmamd/downloads/embedded system/imt_sdk_win_64/winavr/bin/../lib/gcc/avr/4.3.3/avr5\libgcc.a(_gt_sf.o)
                              ./Buzzer_program.o (__gtsf2)
c:/users/hmamd/downloads/embedded system/imt_sdk_win_64/winavr/bin/../lib/gcc/avr/4.3.3/avr5\libgcc.a(_ge_sf.o)
                              c:/users/hmamd/downloads/embedded system/imt_sdk_win_64/winavr/bin/../lib/gcc/avr/4.3.3/avr5\libgcc.a(_fixunssfsi.o) (__gesf2)
c:/users/hmamd/downloads/embedded system/imt_sdk_win_64/winavr/bin/../lib/gcc/avr/4.3.3/avr5\libgcc.a(_lt_sf.o)
                              ./Buzzer_program.o (__ltsf2)
c:/users/hmamd/downloads/embedded system/imt_sdk_win_64/winavr/bin/../lib/gcc/avr/4.3.3/avr5\libgcc.a(_si_to_sf.o)
                              ./Mapping_program.o (__floatsisf)
c:/users/hmamd/downloads/embedded system/imt_sdk_win_64/winavr/bin/../lib/gcc/avr/4.3.3/avr5\libgcc.a(_sf_to_si.o)
                              ./Mapping_program.o (__fixsfsi)
c:/users/hmamd/downloads/embedded system/imt_sdk_win_64/winavr/bin/../lib/gcc/avr/4.3.3/avr5\libgcc.a(_thenan_sf.o)
                              c:/users/hmamd/downloads/embedded system/imt_sdk_win_64/winavr/bin/../lib/gcc/avr/4.3.3/avr5\libgcc.a(_addsub_sf.o) (__thenan_sf)
c:/users/hmamd/downloads/embedded system/imt_sdk_win_64/winavr/bin/../lib/gcc/avr/4.3.3/avr5\libgcc.a(_prologue.o)
                              c:/users/hmamd/downloads/embedded system/imt_sdk_win_64/winavr/bin/../lib/gcc/avr/4.3.3/avr5\libgcc.a(_addsub_sf.o) (__prologue_saves__)
c:/users/hmamd/downloads/embedded system/imt_sdk_win_64/winavr/bin/../lib/gcc/avr/4.3.3/avr5\libgcc.a(_epilogue.o)
                              c:/users/hmamd/downloads/embedded system/imt_sdk_win_64/winavr/bin/../lib/gcc/avr/4.3.3/avr5\libgcc.a(_addsub_sf.o) (__epilogue_restores__)
c:/users/hmamd/downloads/embedded system/imt_sdk_win_64/winavr/bin/../lib/gcc/avr/4.3.3/avr5\libgcc.a(_clzsi2.o)
                              c:/users/hmamd/downloads/embedded system/imt_sdk_win_64/winavr/bin/../lib/gcc/avr/4.3.3/avr5\libgcc.a(_si_to_sf.o) (__clzsi2)
c:/users/hmamd/downloads/embedded system/imt_sdk_win_64/winavr/bin/../lib/gcc/avr/4.3.3/avr5\libgcc.a(_pack_sf.o)
                              c:/users/hmamd/downloads/embedded system/imt_sdk_win_64/winavr/bin/../lib/gcc/avr/4.3.3/avr5\libgcc.a(_addsub_sf.o) (__pack_f)
c:/users/hmamd/downloads/embedded system/imt_sdk_win_64/winavr/bin/../lib/gcc/avr/4.3.3/avr5\libgcc.a(_unpack_sf.o)
                              c:/users/hmamd/downloads/embedded system/imt_sdk_win_64/winavr/bin/../lib/gcc/avr/4.3.3/avr5\libgcc.a(_addsub_sf.o) (__unpack_f)
c:/users/hmamd/downloads/embedded system/imt_sdk_win_64/winavr/bin/../lib/gcc/avr/4.3.3/avr5\libgcc.a(_fpcmp_parts_sf.o)
                              c:/users/hmamd/downloads/embedded system/imt_sdk_win_64/winavr/bin/../lib/gcc/avr/4.3.3/avr5\libgcc.a(_gt_sf.o) (__fpcmp_parts_f)
c:/users/hmamd/downloads/embedded system/imt_sdk_win_64/winavr/bin/../lib/gcc/avr/4.3.3/avr5\libgcc.a(_clz.o)
                              c:/users/hmamd/downloads/embedded system/imt_sdk_win_64/winavr/bin/../lib/gcc/avr/4.3.3/avr5\libgcc.a(_clzsi2.o) (__clz_tab)
c:/users/hmamd/downloads/embedded system/imt_sdk_win_64/winavr/bin/../lib/gcc/avr/4.3.3/../../../../avr/lib/avr5\libc.a(memcpy.o)
                              ./House_System_program.o (memcpy)
c:/users/hmamd/downloads/embedded system/imt_sdk_win_64/winavr/bin/../lib/gcc/avr/4.3.3/../../../../avr/lib/avr5\libc.a(strcmp.o)
                              ./House_System_program.o (strcmp)

Allocating common symbols
Common symbol       size              file

TIM1_pfCmpBCallBack
                    0x2               ./TIMER1_program.o
TIM1_pfIcuCallBack  0x2               ./TIMER1_program.o
TIM1_pfOvfCallBack  0x2               ./TIMER1_program.o
users               0xc8              ./House_System_program.o
TIM1_pfCmpACallBack
                    0x2               ./TIMER1_program.o
enteredPin          0x5               ./House_System_program.o

Memory Configuration

Name             Origin             Length             Attributes
text             0x00000000         0x00020000         xr
data             0x00800060         0x0000ffa0         rw !x
eeprom           0x00810000         0x00010000         rw !x
fuse             0x00820000         0x00000400         rw !x
lock             0x00830000         0x00000400         rw !x
signature        0x00840000         0x00000400         rw !x
*default*        0x00000000         0xffffffff

Linker script and memory map

LOAD c:/users/hmamd/downloads/embedded system/imt_sdk_win_64/winavr/bin/../lib/gcc/avr/4.3.3/../../../../avr/lib/avr5/crtm32.o
LOAD ./Buzzer_program.o
LOAD ./CLCD_program.o
LOAD ./DIO_program.o
LOAD ./GIE_program.o
LOAD ./House_System_program.o
LOAD ./Keypad_program.o
LOAD ./Led_program.o
LOAD ./Mapping_program.o
LOAD ./Servo_program.o
LOAD ./TIMER1_program.o
LOAD ./TIMER_program.o
LOAD ./main.o
LOAD c:/users/hmamd/downloads/embedded system/imt_sdk_win_64/winavr/bin/../lib/gcc/avr/4.3.3/avr5\libgcc.a
LOAD c:/users/hmamd/downloads/embedded system/imt_sdk_win_64/winavr/bin/../lib/gcc/avr/4.3.3/../../../../avr/lib/avr5\libc.a
LOAD c:/users/hmamd/downloads/embedded system/imt_sdk_win_64/winavr/bin/../lib/gcc/avr/4.3.3/avr5\libgcc.a

.hash
 *(.hash)

.dynsym
 *(.dynsym)

.dynstr
 *(.dynstr)

.gnu.version
 *(.gnu.version)

.gnu.version_d
 *(.gnu.version_d)

.gnu.version_r
 *(.gnu.version_r)

.rel.init
 *(.rel.init)

.rela.init
 *(.rela.init)

.rel.text
 *(.rel.text)
 *(.rel.text.*)
 *(.rel.gnu.linkonce.t*)

.rela.text
 *(.rela.text)
 *(.rela.text.*)
 *(.rela.gnu.linkonce.t*)

.rel.fini
 *(.rel.fini)

.rela.fini
 *(.rela.fini)

.rel.rodata
 *(.rel.rodata)
 *(.rel.rodata.*)
 *(.rel.gnu.linkonce.r*)

.rela.rodata
 *(.rela.rodata)
 *(.rela.rodata.*)
 *(.rela.gnu.linkonce.r*)

.rel.data
 *(.rel.data)
 *(.rel.data.*)
 *(.rel.gnu.linkonce.d*)

.rela.data
 *(.rela.data)
 *(.rela.data.*)
 *(.rela.gnu.linkonce.d*)

.rel.ctors
 *(.rel.ctors)

.rela.ctors
 *(.rela.ctors)

.rel.dtors
 *(.rel.dtors)

.rela.dtors
 *(.rela.dtors)

.rel.got
 *(.rel.got)

.rela.got
 *(.rela.got)

.rel.bss
 *(.rel.bss)

.rela.bss
 *(.rela.bss)

.rel.plt
 *(.rel.plt)

.rela.plt
 *(.rela.plt)

.text           0x00000000     0x3a8e
 *(.vectors)
 .vectors       0x00000000       0x54 c:/users/hmamd/downloads/embedded system/imt_sdk_win_64/winavr/bin/../lib/gcc/avr/4.3.3/../../../../avr/lib/avr5/crtm32.o
                0x00000000                __vectors
                0x00000000                __vector_default
 *(.vectors)
 *(.progmem.gcc*)
 *(.progmem*)
                0x00000054                . = ALIGN (0x2)
                0x00000054                __trampolines_start = .
 *(.trampolines)
 .trampolines   0x00000054        0x0 linker stubs
 *(.trampolines*)
                0x00000054                __trampolines_end = .
 *(.jumptables)
 *(.jumptables*)
 *(.lowtext)
 *(.lowtext*)
                0x00000054                __ctors_start = .
 *(.ctors)
                0x00000054                __ctors_end = .
                0x00000054                __dtors_start = .
 *(.dtors)
                0x00000054                __dtors_end = .
 SORT(*)(.ctors)
 SORT(*)(.dtors)
 *(.init0)
 .init0         0x00000054        0x0 c:/users/hmamd/downloads/embedded system/imt_sdk_win_64/winavr/bin/../lib/gcc/avr/4.3.3/../../../../avr/lib/avr5/crtm32.o
                0x00000054                __init
 *(.init0)
 *(.init1)
 *(.init1)
 *(.init2)
 .init2         0x00000054        0xc c:/users/hmamd/downloads/embedded system/imt_sdk_win_64/winavr/bin/../lib/gcc/avr/4.3.3/../../../../avr/lib/avr5/crtm32.o
 *(.init2)
 *(.init3)
 *(.init3)
 *(.init4)
 .init4         0x00000060       0x16 c:/users/hmamd/downloads/embedded system/imt_sdk_win_64/winavr/bin/../lib/gcc/avr/4.3.3/avr5\libgcc.a(_copy_data.o)
                0x00000060                __do_copy_data
 .init4         0x00000076       0x10 c:/users/hmamd/downloads/embedded system/imt_sdk_win_64/winavr/bin/../lib/gcc/avr/4.3.3/avr5\libgcc.a(_clear_bss.o)
                0x00000076                __do_clear_bss
 *(.init4)
 *(.init5)
 *(.init5)
 *(.init6)
 *(.init6)
 *(.init7)
 *(.init7)
 *(.init8)
 *(.init8)
 *(.init9)
 .init9         0x00000086        0x8 c:/users/hmamd/downloads/embedded system/imt_sdk_win_64/winavr/bin/../lib/gcc/avr/4.3.3/../../../../avr/lib/avr5/crtm32.o
 *(.init9)
 *(.text)
 .text          0x0000008e        0x4 c:/users/hmamd/downloads/embedded system/imt_sdk_win_64/winavr/bin/../lib/gcc/avr/4.3.3/../../../../avr/lib/avr5/crtm32.o
                0x0000008e                __vector_1
                0x0000008e                __vector_12
                0x0000008e                __bad_interrupt
                0x0000008e                __vector_3
                0x0000008e                __vector_13
                0x0000008e                __vector_17
                0x0000008e                __vector_19
                0x0000008e                __vector_5
                0x0000008e                __vector_4
                0x0000008e                __vector_2
                0x0000008e                __vector_15
                0x0000008e                __vector_14
                0x0000008e                __vector_16
                0x0000008e                __vector_18
                0x0000008e                __vector_20
 .text          0x00000092        0x0 ./Buzzer_program.o
 .text          0x00000092        0x0 ./CLCD_program.o
 .text          0x00000092        0x0 ./DIO_program.o
 .text          0x00000092        0x0 ./GIE_program.o
 .text          0x00000092        0x0 ./House_System_program.o
 .text          0x00000092        0x0 ./Keypad_program.o
 .text          0x00000092        0x0 ./Led_program.o
 .text          0x00000092        0x0 ./Mapping_program.o
 .text          0x00000092        0x0 ./Servo_program.o
 .text          0x00000092        0x0 ./TIMER1_program.o
 .text          0x00000092        0x0 ./TIMER_program.o
 .text          0x00000092        0x0 ./main.o
 .text          0x00000092        0x0 c:/users/hmamd/downloads/embedded system/imt_sdk_win_64/winavr/bin/../lib/gcc/avr/4.3.3/avr5\libgcc.a(_udivmodsi4.o)
 .text          0x00000092        0x0 c:/users/hmamd/downloads/embedded system/imt_sdk_win_64/winavr/bin/../lib/gcc/avr/4.3.3/avr5\libgcc.a(_exit.o)
 .text          0x00000092        0x0 c:/users/hmamd/downloads/embedded system/imt_sdk_win_64/winavr/bin/../lib/gcc/avr/4.3.3/avr5\libgcc.a(_copy_data.o)
 .text          0x00000092        0x0 c:/users/hmamd/downloads/embedded system/imt_sdk_win_64/winavr/bin/../lib/gcc/avr/4.3.3/avr5\libgcc.a(_clear_bss.o)
 .text          0x00000092       0x58 c:/users/hmamd/downloads/embedded system/imt_sdk_win_64/winavr/bin/../lib/gcc/avr/4.3.3/avr5\libgcc.a(_fixunssfsi.o)
                0x00000092                __fixunssfsi
 .text          0x000000ea      0x354 c:/users/hmamd/downloads/embedded system/imt_sdk_win_64/winavr/bin/../lib/gcc/avr/4.3.3/avr5\libgcc.a(_addsub_sf.o)
                0x00000382                __subsf3
                0x000003e4                __addsf3
 .text          0x0000043e      0x1f4 c:/users/hmamd/downloads/embedded system/imt_sdk_win_64/winavr/bin/../lib/gcc/avr/4.3.3/avr5\libgcc.a(_mul_sf.o)
                0x0000043e                __mulsf3
 .text          0x00000632      0x158 c:/users/hmamd/downloads/embedded system/imt_sdk_win_64/winavr/bin/../lib/gcc/avr/4.3.3/avr5\libgcc.a(_div_sf.o)
                0x00000632                __divsf3
 .text          0x0000078a       0x60 c:/users/hmamd/downloads/embedded system/imt_sdk_win_64/winavr/bin/../lib/gcc/avr/4.3.3/avr5\libgcc.a(_gt_sf.o)
                0x0000078a                __gtsf2
 .text          0x000007ea       0x60 c:/users/hmamd/downloads/embedded system/imt_sdk_win_64/winavr/bin/../lib/gcc/avr/4.3.3/avr5\libgcc.a(_ge_sf.o)
                0x000007ea                __gesf2
 .text          0x0000084a       0x60 c:/users/hmamd/downloads/embedded system/imt_sdk_win_64/winavr/bin/../lib/gcc/avr/4.3.3/avr5\libgcc.a(_lt_sf.o)
                0x0000084a                __ltsf2
 .text          0x000008aa       0xbc c:/users/hmamd/downloads/embedded system/imt_sdk_win_64/winavr/bin/../lib/gcc/avr/4.3.3/avr5\libgcc.a(_si_to_sf.o)
                0x000008aa                __floatsisf
 .text          0x00000966       0xa8 c:/users/hmamd/downloads/embedded system/imt_sdk_win_64/winavr/bin/../lib/gcc/avr/4.3.3/avr5\libgcc.a(_sf_to_si.o)
                0x00000966                __fixsfsi
 .text          0x00000a0e        0x0 c:/users/hmamd/downloads/embedded system/imt_sdk_win_64/winavr/bin/../lib/gcc/avr/4.3.3/avr5\libgcc.a(_thenan_sf.o)
 .text          0x00000a0e        0x0 c:/users/hmamd/downloads/embedded system/imt_sdk_win_64/winavr/bin/../lib/gcc/avr/4.3.3/avr5\libgcc.a(_prologue.o)
 .text          0x00000a0e        0x0 c:/users/hmamd/downloads/embedded system/imt_sdk_win_64/winavr/bin/../lib/gcc/avr/4.3.3/avr5\libgcc.a(_epilogue.o)
 .text          0x00000a0e       0x9e c:/users/hmamd/downloads/embedded system/imt_sdk_win_64/winavr/bin/../lib/gcc/avr/4.3.3/avr5\libgcc.a(_clzsi2.o)
                0x00000a0e                __clzsi2
 .text          0x00000aac      0x1aa c:/users/hmamd/downloads/embedded system/imt_sdk_win_64/winavr/bin/../lib/gcc/avr/4.3.3/avr5\libgcc.a(_pack_sf.o)
                0x00000aac                __pack_f
 .text          0x00000c56       0xf0 c:/users/hmamd/downloads/embedded system/imt_sdk_win_64/winavr/bin/../lib/gcc/avr/4.3.3/avr5\libgcc.a(_unpack_sf.o)
                0x00000c56                __unpack_f
 .text          0x00000d46       0xb2 c:/users/hmamd/downloads/embedded system/imt_sdk_win_64/winavr/bin/../lib/gcc/avr/4.3.3/avr5\libgcc.a(_fpcmp_parts_sf.o)
                0x00000d46                __fpcmp_parts_f
 .text          0x00000df8        0x0 c:/users/hmamd/downloads/embedded system/imt_sdk_win_64/winavr/bin/../lib/gcc/avr/4.3.3/avr5\libgcc.a(_clz.o)
 .text          0x00000df8        0x0 c:/users/hmamd/downloads/embedded system/imt_sdk_win_64/winavr/bin/../lib/gcc/avr/4.3.3/../../../../avr/lib/avr5\libc.a(memcpy.o)
 .text          0x00000df8        0x0 c:/users/hmamd/downloads/embedded system/imt_sdk_win_64/winavr/bin/../lib/gcc/avr/4.3.3/../../../../avr/lib/avr5\libc.a(strcmp.o)
                0x00000df8                . = ALIGN (0x2)
 *(.text.*)
 .text.BUZZ_voidInit
                0x00000df8       0x18 ./Buzzer_program.o
                0x00000df8                BUZZ_voidInit
 .text.BUZZ_voidTurnOn
                0x00000e10       0x18 ./Buzzer_program.o
                0x00000e10                BUZZ_voidTurnOn
 .text.BUZZ_voidTurnOff
                0x00000e28       0x18 ./Buzzer_program.o
                0x00000e28                BUZZ_voidTurnOff
 .text.BUZZ_voidBeep
                0x00000e40      0x112 ./Buzzer_program.o
                0x00000e40                BUZZ_voidBeep
 .text.CLCD_voidSendCommand
                0x00000f52      0x13c ./CLCD_program.o
                0x00000f52                CLCD_voidSendCommand
 .text.CLCD_voidSendData
                0x0000108e      0x13c ./CLCD_program.o
                0x0000108e                CLCD_voidSendData
 .text.CLCD_voidINIT
                0x000011ca      0x3c8 ./CLCD_program.o
                0x000011ca                CLCD_voidINIT
 .text.CLCD_voidSendString
                0x00001592       0x52 ./CLCD_program.o
                0x00001592                CLCD_voidSendString
 .text.CLCD_voidGOTOXY
                0x000015e4       0x52 ./CLCD_program.o
                0x000015e4                CLCD_voidGOTOXY
 .text.CLCD_voidWriteNumber
                0x00001636      0x240 ./CLCD_program.o
                0x00001636                CLCD_voidWriteNumber
 .text.CLCD_clear
                0x00001876       0x14 ./CLCD_program.o
                0x00001876                CLCD_clear
 .text.DIO_SetPort_Direction
                0x0000188a       0x82 ./DIO_program.o
                0x0000188a                DIO_SetPort_Direction
 .text.DIO_SetPort_value
                0x0000190c       0x82 ./DIO_program.o
                0x0000190c                DIO_SetPort_value
 .text.DIO_SetPin_Direction
                0x0000198e      0x200 ./DIO_program.o
                0x0000198e                DIO_SetPin_Direction
 .text.DIO_SetPinValue
                0x00001b8e      0x200 ./DIO_program.o
                0x00001b8e                DIO_SetPinValue
 .text.DIO_GetPinValue
                0x00001d8e       0xf4 ./DIO_program.o
                0x00001d8e                DIO_GetPinValue
 .text.DIO_VoidGetPinValue
                0x00001e82      0x108 ./DIO_program.o
                0x00001e82                DIO_VoidGetPinValue
 .text.GIE_voidEnable
                0x00001f8a       0x1c ./GIE_program.o
                0x00001f8a                GIE_voidEnable
 .text.GIE_voidDisable
                0x00001fa6       0x1c ./GIE_program.o
                0x00001fa6                GIE_voidDisable
 .text.init_voidUsers
                0x00001fc2       0x9e ./House_System_program.o
                0x00001fc2                init_voidUsers
 .text.houseSystem
                0x00002060      0x30c ./House_System_program.o
                0x00002060                houseSystem
 .text.House_init
                0x0000236c       0x24 ./House_System_program.o
                0x0000236c                House_init
 .text.verify_user
                0x00002390      0x2c6 ./House_System_program.o
                0x00002390                verify_user
 .text.Menu     0x00002656      0x5e0 ./House_System_program.o
                0x00002656                Menu
 .text.KPD_VoidInit
                0x00002c36       0x66 ./Keypad_program.o
                0x00002c36                KPD_VoidInit
 .text.KPD_VoidGetPressedKey
                0x00002c9c       0xf0 ./Keypad_program.o
                0x00002c9c                KPD_VoidGetPressedKey
 .text.LED_voidPinInit
                0x00002d8c       0x2c ./Led_program.o
                0x00002d8c                LED_voidPinInit
 .text.LED_voidPinTurnOn
                0x00002db8       0x48 ./Led_program.o
                0x00002db8                LED_voidPinTurnOn
 .text.LED_voidPinTurnOff
                0x00002e00       0x48 ./Led_program.o
                0x00002e00                LED_voidPinTurnOff
 .text.MAPPING_s32GetOutput
                0x00002e48      0x166 ./Mapping_program.o
                0x00002e48                MAPPING_s32GetOutput
 .text.SERVO_voidInit
                0x00002fae       0x5a ./Servo_program.o
                0x00002fae                SERVO_voidInit
 .text.SERVO_voidSetDegreeRotate
                0x00003008      0x116 ./Servo_program.o
                0x00003008                SERVO_voidSetDegreeRotate
 .text.TIM1_voidInit
                0x0000311e      0x12c ./TIMER1_program.o
                0x0000311e                TIM1_voidInit
 .text.TIM1_voidEnable
                0x0000324a       0x36 ./TIMER1_program.o
                0x0000324a                TIM1_voidEnable
 .text.TIM1_voidDisable
                0x00003280       0x1c ./TIMER1_program.o
                0x00003280                TIM1_voidDisable
 .text.TIM1_voidEnableOvfInt
                0x0000329c       0x1c ./TIMER1_program.o
                0x0000329c                TIM1_voidEnableOvfInt
 .text.TIM1_voidDisableOvfInt
                0x000032b8       0x1c ./TIMER1_program.o
                0x000032b8                TIM1_voidDisableOvfInt
 .text.TIM1_voidEnableCmpAInt
                0x000032d4       0x1c ./TIMER1_program.o
                0x000032d4                TIM1_voidEnableCmpAInt
 .text.TIM1_voidDisableCmpAInt
                0x000032f0       0x1c ./TIMER1_program.o
                0x000032f0                TIM1_voidDisableCmpAInt
 .text.TIM1_voidEnableCmpBInt
                0x0000330c       0x1c ./TIMER1_program.o
                0x0000330c                TIM1_voidEnableCmpBInt
 .text.TIM1_voidDisableCmpBInt
                0x00003328       0x1c ./TIMER1_program.o
                0x00003328                TIM1_voidDisableCmpBInt
 .text.TIM1_voidEnableIcuInt
                0x00003344       0x1c ./TIMER1_program.o
                0x00003344                TIM1_voidEnableIcuInt
 .text.TIM1_voidDisableIcuInt
                0x00003360       0x1c ./TIMER1_program.o
                0x00003360                TIM1_voidDisableIcuInt
 .text.TIM1_voidSetCallbackOvfInt
                0x0000337c       0x24 ./TIMER1_program.o
                0x0000337c                TIM1_voidSetCallbackOvfInt
 .text.TIM1_voidSetCallbackCompAInt
                0x000033a0       0x24 ./TIMER1_program.o
                0x000033a0                TIM1_voidSetCallbackCompAInt
 .text.TIM1_voidSetCallbackCompBInt
                0x000033c4       0x24 ./TIMER1_program.o
                0x000033c4                TIM1_voidSetCallbackCompBInt
 .text.TIM1_voidSetCallbackIcuInt
                0x000033e8       0x24 ./TIMER1_program.o
                0x000033e8                TIM1_voidSetCallbackIcuInt
 .text.TIM1_voidSetTimerValue
                0x0000340c       0x2e ./TIMER1_program.o
                0x0000340c                TIM1_voidSetTimerValue
 .text.TIM1_voidSetCmpARegValue
                0x0000343a       0x2e ./TIMER1_program.o
                0x0000343a                TIM1_voidSetCmpARegValue
 .text.TIM1_voidSetCmpBRegValue
                0x00003468       0x2e ./TIMER1_program.o
                0x00003468                TIM1_voidSetCmpBRegValue
 .text.TIM1_voidSetIcuRegValue
                0x00003496       0x24 ./TIMER1_program.o
                0x00003496                TIM1_voidSetIcuRegValue
 .text.TIM1_u8ReadTimerValue
                0x000034ba       0x48 ./TIMER1_program.o
                0x000034ba                TIM1_u8ReadTimerValue
 .text.__vector_9
                0x00003502       0x5a ./TIMER1_program.o
                0x00003502                __vector_9
 .text.__vector_7
                0x0000355c       0x5a ./TIMER1_program.o
                0x0000355c                __vector_7
 .text.__vector_8
                0x000035b6       0x5a ./TIMER1_program.o
                0x000035b6                __vector_8
 .text.__vector_6
                0x00003610       0x5a ./TIMER1_program.o
                0x00003610                __vector_6
 .text.TIM1_u16GetIcuValue
                0x0000366a       0x16 ./TIMER1_program.o
                0x0000366a                TIM1_u16GetIcuValue
 .text.ICU_voidRisingEdge
                0x00003680       0x1c ./TIMER1_program.o
                0x00003680                ICU_voidRisingEdge
 .text.ICU_voidFallenEdge
                0x0000369c       0x1c ./TIMER1_program.o
                0x0000369c                ICU_voidFallenEdge
 .text.Timer0_voidInit
                0x000036b8       0x46 ./TIMER_program.o
                0x000036b8                Timer0_voidInit
 .text.Timer0_u8SetCallBack
                0x000036fe       0x3a ./TIMER_program.o
                0x000036fe                Timer0_u8SetCallBack
 .text.Timer0_voidSetCompMatchValue
                0x00003738       0x1c ./TIMER_program.o
                0x00003738                Timer0_voidSetCompMatchValue
 .text.Timer0_voidInterruptEnable
                0x00003754       0x1c ./TIMER_program.o
                0x00003754                Timer0_voidInterruptEnable
 .text.Timer0_voidSetPrescalerValue
                0x00003770       0x32 ./TIMER_program.o
                0x00003770                Timer0_voidSetPrescalerValue
 .text.Timer0void_ModifyPreloadValue
                0x000037a2       0x1c ./TIMER_program.o
                0x000037a2                Timer0void_ModifyPreloadValue
 .text.__vector_10
                0x000037be       0x66 ./TIMER_program.o
                0x000037be                __vector_10
 .text.__vector_11
                0x00003824       0x66 ./TIMER_program.o
                0x00003824                __vector_11
 .text.main     0x0000388a      0x12a ./main.o
                0x0000388a                main
 .text.libgcc   0x000039b4       0x44 c:/users/hmamd/downloads/embedded system/imt_sdk_win_64/winavr/bin/../lib/gcc/avr/4.3.3/avr5\libgcc.a(_udivmodsi4.o)
                0x000039b4                __udivmodsi4
 .text.libgcc   0x000039f8        0x0 c:/users/hmamd/downloads/embedded system/imt_sdk_win_64/winavr/bin/../lib/gcc/avr/4.3.3/avr5\libgcc.a(_exit.o)
 .text.libgcc   0x000039f8        0x0 c:/users/hmamd/downloads/embedded system/imt_sdk_win_64/winavr/bin/../lib/gcc/avr/4.3.3/avr5\libgcc.a(_copy_data.o)
 .text.libgcc   0x000039f8        0x0 c:/users/hmamd/downloads/embedded system/imt_sdk_win_64/winavr/bin/../lib/gcc/avr/4.3.3/avr5\libgcc.a(_clear_bss.o)
 .text.libgcc   0x000039f8       0x38 c:/users/hmamd/downloads/embedded system/imt_sdk_win_64/winavr/bin/../lib/gcc/avr/4.3.3/avr5\libgcc.a(_prologue.o)
                0x000039f8                __prologue_saves__
 .text.libgcc   0x00003a30       0x36 c:/users/hmamd/downloads/embedded system/imt_sdk_win_64/winavr/bin/../lib/gcc/avr/4.3.3/avr5\libgcc.a(_epilogue.o)
                0x00003a30                __epilogue_restores__
 .text.avr-libc
                0x00003a66       0x12 c:/users/hmamd/downloads/embedded system/imt_sdk_win_64/winavr/bin/../lib/gcc/avr/4.3.3/../../../../avr/lib/avr5\libc.a(memcpy.o)
                0x00003a66                memcpy
 .text.avr-libc
                0x00003a78       0x12 c:/users/hmamd/downloads/embedded system/imt_sdk_win_64/winavr/bin/../lib/gcc/avr/4.3.3/../../../../avr/lib/avr5\libc.a(strcmp.o)
                0x00003a78                strcmp
                0x00003a8a                . = ALIGN (0x2)
 *(.fini9)
 .fini9         0x00003a8a        0x0 c:/users/hmamd/downloads/embedded system/imt_sdk_win_64/winavr/bin/../lib/gcc/avr/4.3.3/avr5\libgcc.a(_exit.o)
                0x00003a8a                exit
                0x00003a8a                _exit
 *(.fini9)
 *(.fini8)
 *(.fini8)
 *(.fini7)
 *(.fini7)
 *(.fini6)
 *(.fini6)
 *(.fini5)
 *(.fini5)
 *(.fini4)
 *(.fini4)
 *(.fini3)
 *(.fini3)
 *(.fini2)
 *(.fini2)
 *(.fini1)
 *(.fini1)
 *(.fini0)
 .fini0         0x00003a8a        0x4 c:/users/hmamd/downloads/embedded system/imt_sdk_win_64/winavr/bin/../lib/gcc/avr/4.3.3/avr5\libgcc.a(_exit.o)
 *(.fini0)
                0x00003a8e                _etext = .

.data           0x00800060      0x242 load address 0x00003a8e
                0x00800060                PROVIDE (__data_start, .)
 *(.data)
 .data          0x00800060        0x0 c:/users/hmamd/downloads/embedded system/imt_sdk_win_64/winavr/bin/../lib/gcc/avr/4.3.3/../../../../avr/lib/avr5/crtm32.o
 .data          0x00800060        0x0 ./Buzzer_program.o
 .data          0x00800060        0x0 ./CLCD_program.o
 .data          0x00800060        0x0 ./DIO_program.o
 .data          0x00800060        0x0 ./GIE_program.o
 .data          0x00800060      0x114 ./House_System_program.o
 .data          0x00800174        0x0 ./Keypad_program.o
 .data          0x00800174        0x0 ./Led_program.o
 .data          0x00800174        0x0 ./Mapping_program.o
 .data          0x00800174        0x0 ./Servo_program.o
 .data          0x00800174        0x0 ./TIMER1_program.o
 .data          0x00800174        0x0 ./TIMER_program.o
 .data          0x00800174        0xd ./main.o
 .data          0x00800181        0x0 c:/users/hmamd/downloads/embedded system/imt_sdk_win_64/winavr/bin/../lib/gcc/avr/4.3.3/avr5\libgcc.a(_udivmodsi4.o)
 .data          0x00800181        0x0 c:/users/hmamd/downloads/embedded system/imt_sdk_win_64/winavr/bin/../lib/gcc/avr/4.3.3/avr5\libgcc.a(_exit.o)
 .data          0x00800181        0x0 c:/users/hmamd/downloads/embedded system/imt_sdk_win_64/winavr/bin/../lib/gcc/avr/4.3.3/avr5\libgcc.a(_copy_data.o)
 .data          0x00800181        0x0 c:/users/hmamd/downloads/embedded system/imt_sdk_win_64/winavr/bin/../lib/gcc/avr/4.3.3/avr5\libgcc.a(_clear_bss.o)
 .data          0x00800181        0x0 c:/users/hmamd/downloads/embedded system/imt_sdk_win_64/winavr/bin/../lib/gcc/avr/4.3.3/avr5\libgcc.a(_fixunssfsi.o)
 .data          0x00800181        0x0 c:/users/hmamd/downloads/embedded system/imt_sdk_win_64/winavr/bin/../lib/gcc/avr/4.3.3/avr5\libgcc.a(_addsub_sf.o)
 .data          0x00800181        0x0 c:/users/hmamd/downloads/embedded system/imt_sdk_win_64/winavr/bin/../lib/gcc/avr/4.3.3/avr5\libgcc.a(_mul_sf.o)
 .data          0x00800181        0x0 c:/users/hmamd/downloads/embedded system/imt_sdk_win_64/winavr/bin/../lib/gcc/avr/4.3.3/avr5\libgcc.a(_div_sf.o)
 .data          0x00800181        0x0 c:/users/hmamd/downloads/embedded system/imt_sdk_win_64/winavr/bin/../lib/gcc/avr/4.3.3/avr5\libgcc.a(_gt_sf.o)
 .data          0x00800181        0x0 c:/users/hmamd/downloads/embedded system/imt_sdk_win_64/winavr/bin/../lib/gcc/avr/4.3.3/avr5\libgcc.a(_ge_sf.o)
 .data          0x00800181        0x0 c:/users/hmamd/downloads/embedded system/imt_sdk_win_64/winavr/bin/../lib/gcc/avr/4.3.3/avr5\libgcc.a(_lt_sf.o)
 .data          0x00800181        0x0 c:/users/hmamd/downloads/embedded system/imt_sdk_win_64/winavr/bin/../lib/gcc/avr/4.3.3/avr5\libgcc.a(_si_to_sf.o)
 .data          0x00800181        0x0 c:/users/hmamd/downloads/embedded system/imt_sdk_win_64/winavr/bin/../lib/gcc/avr/4.3.3/avr5\libgcc.a(_sf_to_si.o)
 .data          0x00800181        0x8 c:/users/hmamd/downloads/embedded system/imt_sdk_win_64/winavr/bin/../lib/gcc/avr/4.3.3/avr5\libgcc.a(_thenan_sf.o)
                0x00800181                __thenan_sf
 .data          0x00800189        0x0 c:/users/hmamd/downloads/embedded system/imt_sdk_win_64/winavr/bin/../lib/gcc/avr/4.3.3/avr5\libgcc.a(_prologue.o)
 .data          0x00800189        0x0 c:/users/hmamd/downloads/embedded system/imt_sdk_win_64/winavr/bin/../lib/gcc/avr/4.3.3/avr5\libgcc.a(_epilogue.o)
 .data          0x00800189        0x0 c:/users/hmamd/downloads/embedded system/imt_sdk_win_64/winavr/bin/../lib/gcc/avr/4.3.3/avr5\libgcc.a(_clzsi2.o)
 .data          0x00800189        0x0 c:/users/hmamd/downloads/embedded system/imt_sdk_win_64/winavr/bin/../lib/gcc/avr/4.3.3/avr5\libgcc.a(_pack_sf.o)
 .data          0x00800189        0x0 c:/users/hmamd/downloads/embedded system/imt_sdk_win_64/winavr/bin/../lib/gcc/avr/4.3.3/avr5\libgcc.a(_unpack_sf.o)
 .data          0x00800189        0x0 c:/users/hmamd/downloads/embedded system/imt_sdk_win_64/winavr/bin/../lib/gcc/avr/4.3.3/avr5\libgcc.a(_fpcmp_parts_sf.o)
 .data          0x00800189      0x100 c:/users/hmamd/downloads/embedded system/imt_sdk_win_64/winavr/bin/../lib/gcc/avr/4.3.3/avr5\libgcc.a(_clz.o)
                0x00800189                __clz_tab
 .data          0x00800289        0x0 c:/users/hmamd/downloads/embedded system/imt_sdk_win_64/winavr/bin/../lib/gcc/avr/4.3.3/../../../../avr/lib/avr5\libc.a(memcpy.o)
 .data          0x00800289        0x0 c:/users/hmamd/downloads/embedded system/imt_sdk_win_64/winavr/bin/../lib/gcc/avr/4.3.3/../../../../avr/lib/avr5\libc.a(strcmp.o)
 *(.data*)
 .data.Local_Keypad_arr.1219
                0x00800289       0x10 ./Keypad_program.o
 .data.Row_arr.1218
                0x00800299        0x4 ./Keypad_program.o
 .data.Column_arr.1217
                0x0080029d        0x4 ./Keypad_program.o
 *(.rodata)
 *(.rodata*)
 *(.gnu.linkonce.d*)
                0x008002a2                . = ALIGN (0x2)
 *fill*         0x008002a1        0x1 00
                0x008002a2                _edata = .
                0x008002a2                PROVIDE (__data_end, .)

.bss            0x008002a2       0xde
                0x008002a2                PROVIDE (__bss_start, .)
 *(.bss)
 .bss           0x008002a2        0x0 c:/users/hmamd/downloads/embedded system/imt_sdk_win_64/winavr/bin/../lib/gcc/avr/4.3.3/../../../../avr/lib/avr5/crtm32.o
 .bss           0x008002a2        0x0 ./Buzzer_program.o
 .bss           0x008002a2        0x0 ./CLCD_program.o
 .bss           0x008002a2        0x0 ./DIO_program.o
 .bss           0x008002a2        0x0 ./GIE_program.o
 .bss           0x008002a2        0x0 ./House_System_program.o
 .bss           0x008002a2        0x0 ./Keypad_program.o
 .bss           0x008002a2        0x0 ./Led_program.o
 .bss           0x008002a2        0x0 ./Mapping_program.o
 .bss           0x008002a2        0x0 ./Servo_program.o
 .bss           0x008002a2        0x0 ./TIMER1_program.o
 .bss           0x008002a2        0x0 ./TIMER_program.o
 .bss           0x008002a2        0x0 ./main.o
 .bss           0x008002a2        0x0 c:/users/hmamd/downloads/embedded system/imt_sdk_win_64/winavr/bin/../lib/gcc/avr/4.3.3/avr5\libgcc.a(_udivmodsi4.o)
 .bss           0x008002a2        0x0 c:/users/hmamd/downloads/embedded system/imt_sdk_win_64/winavr/bin/../lib/gcc/avr/4.3.3/avr5\libgcc.a(_exit.o)
 .bss           0x008002a2        0x0 c:/users/hmamd/downloads/embedded system/imt_sdk_win_64/winavr/bin/../lib/gcc/avr/4.3.3/avr5\libgcc.a(_copy_data.o)
 .bss           0x008002a2        0x0 c:/users/hmamd/downloads/embedded system/imt_sdk_win_64/winavr/bin/../lib/gcc/avr/4.3.3/avr5\libgcc.a(_clear_bss.o)
 .bss           0x008002a2        0x0 c:/users/hmamd/downloads/embedded system/imt_sdk_win_64/winavr/bin/../lib/gcc/avr/4.3.3/avr5\libgcc.a(_fixunssfsi.o)
 .bss           0x008002a2        0x0 c:/users/hmamd/downloads/embedded system/imt_sdk_win_64/winavr/bin/../lib/gcc/avr/4.3.3/avr5\libgcc.a(_addsub_sf.o)
 .bss           0x008002a2        0x0 c:/users/hmamd/downloads/embedded system/imt_sdk_win_64/winavr/bin/../lib/gcc/avr/4.3.3/avr5\libgcc.a(_mul_sf.o)
 .bss           0x008002a2        0x0 c:/users/hmamd/downloads/embedded system/imt_sdk_win_64/winavr/bin/../lib/gcc/avr/4.3.3/avr5\libgcc.a(_div_sf.o)
 .bss           0x008002a2        0x0 c:/users/hmamd/downloads/embedded system/imt_sdk_win_64/winavr/bin/../lib/gcc/avr/4.3.3/avr5\libgcc.a(_gt_sf.o)
 .bss           0x008002a2        0x0 c:/users/hmamd/downloads/embedded system/imt_sdk_win_64/winavr/bin/../lib/gcc/avr/4.3.3/avr5\libgcc.a(_ge_sf.o)
 .bss           0x008002a2        0x0 c:/users/hmamd/downloads/embedded system/imt_sdk_win_64/winavr/bin/../lib/gcc/avr/4.3.3/avr5\libgcc.a(_lt_sf.o)
 .bss           0x008002a2        0x0 c:/users/hmamd/downloads/embedded system/imt_sdk_win_64/winavr/bin/../lib/gcc/avr/4.3.3/avr5\libgcc.a(_si_to_sf.o)
 .bss           0x008002a2        0x0 c:/users/hmamd/downloads/embedded system/imt_sdk_win_64/winavr/bin/../lib/gcc/avr/4.3.3/avr5\libgcc.a(_sf_to_si.o)
 .bss           0x008002a2        0x0 c:/users/hmamd/downloads/embedded system/imt_sdk_win_64/winavr/bin/../lib/gcc/avr/4.3.3/avr5\libgcc.a(_thenan_sf.o)
 .bss           0x008002a2        0x0 c:/users/hmamd/downloads/embedded system/imt_sdk_win_64/winavr/bin/../lib/gcc/avr/4.3.3/avr5\libgcc.a(_prologue.o)
 .bss           0x008002a2        0x0 c:/users/hmamd/downloads/embedded system/imt_sdk_win_64/winavr/bin/../lib/gcc/avr/4.3.3/avr5\libgcc.a(_epilogue.o)
 .bss           0x008002a2        0x0 c:/users/hmamd/downloads/embedded system/imt_sdk_win_64/winavr/bin/../lib/gcc/avr/4.3.3/avr5\libgcc.a(_clzsi2.o)
 .bss           0x008002a2        0x0 c:/users/hmamd/downloads/embedded system/imt_sdk_win_64/winavr/bin/../lib/gcc/avr/4.3.3/avr5\libgcc.a(_pack_sf.o)
 .bss           0x008002a2        0x0 c:/users/hmamd/downloads/embedded system/imt_sdk_win_64/winavr/bin/../lib/gcc/avr/4.3.3/avr5\libgcc.a(_unpack_sf.o)
 .bss           0x008002a2        0x0 c:/users/hmamd/downloads/embedded system/imt_sdk_win_64/winavr/bin/../lib/gcc/avr/4.3.3/avr5\libgcc.a(_fpcmp_parts_sf.o)
 .bss           0x008002a2        0x0 c:/users/hmamd/downloads/embedded system/imt_sdk_win_64/winavr/bin/../lib/gcc/avr/4.3.3/avr5\libgcc.a(_clz.o)
 .bss           0x008002a2        0x0 c:/users/hmamd/downloads/embedded system/imt_sdk_win_64/winavr/bin/../lib/gcc/avr/4.3.3/../../../../avr/lib/avr5\libc.a(memcpy.o)
 .bss           0x008002a2        0x0 c:/users/hmamd/downloads/embedded system/imt_sdk_win_64/winavr/bin/../lib/gcc/avr/4.3.3/../../../../avr/lib/avr5\libc.a(strcmp.o)
 *(.bss*)
 .bss.pinEntered
                0x008002a2        0x1 ./House_System_program.o
                0x008002a2                pinEntered
 .bss.pinCorrect
                0x008002a3        0x1 ./House_System_program.o
                0x008002a3                pinCorrect
 .bss.Door_state
                0x008002a4        0x1 ./House_System_program.o
                0x008002a4                Door_state
 .bss.light_state
                0x008002a5        0x1 ./House_System_program.o
                0x008002a5                light_state
 .bss.failed_count
                0x008002a6        0x1 ./House_System_program.o
                0x008002a6                failed_count
 .bss.Check     0x008002a7        0x1 ./House_System_program.o
                0x008002a7                Check
 .bss.enteredUser
                0x008002a8        0x1 ./House_System_program.o
                0x008002a8                enteredUser
 .bss.TIMER0_pvCallBackFunc
                0x008002a9        0x2 ./TIMER_program.o
 *(COMMON)
 COMMON         0x008002ab       0xcd ./House_System_program.o
                0x008002ab                users
                0x00800373                enteredPin
 COMMON         0x00800378        0x8 ./TIMER1_program.o
                0x00800378                TIM1_pfCmpBCallBack
                0x0080037a                TIM1_pfIcuCallBack
                0x0080037c                TIM1_pfOvfCallBack
                0x0080037e                TIM1_pfCmpACallBack
                0x00800380                PROVIDE (__bss_end, .)
                0x00003a8e                __data_load_start = LOADADDR (.data)
                0x00003cd0                __data_load_end = (__data_load_start + SIZEOF (.data))

.noinit         0x00800380        0x0
                0x00800380                PROVIDE (__noinit_start, .)
 *(.noinit*)
                0x00800380                PROVIDE (__noinit_end, .)
                0x00800380                _end = .
                0x00800380                PROVIDE (__heap_start, .)

.eeprom         0x00810000        0x0
 *(.eeprom*)
                0x00810000                __eeprom_end = .

.fuse
 *(.fuse)
 *(.lfuse)
 *(.hfuse)
 *(.efuse)

.lock
 *(.lock*)

.signature
 *(.signature*)

.stab           0x00000000     0x396c
 *(.stab)
 .stab          0x00000000      0x498 ./Buzzer_program.o
 .stab          0x00000498      0x93c ./CLCD_program.o
                                0xb4c (size before relaxing)
 .stab          0x00000dd4      0x4bc ./DIO_program.o
                                0x540 (size before relaxing)
 .stab          0x00001290      0x144 ./GIE_program.o
                                0x1c8 (size before relaxing)
 .stab          0x000013d4      0xe58 ./House_System_program.o
                               0x1068 (size before relaxing)
 .stab          0x0000222c      0x300 ./Keypad_program.o
                                0x384 (size before relaxing)
 .stab          0x0000252c      0x21c ./Led_program.o
                                0x2a0 (size before relaxing)
 .stab          0x00002748      0x1e0 ./Mapping_program.o
                                0x264 (size before relaxing)
 .stab          0x00002928      0x204 ./Servo_program.o
                                0x288 (size before relaxing)
 .stab          0x00002b2c      0x8a0 ./TIMER1_program.o
                                0x8ac (size before relaxing)
 .stab          0x000033cc      0x33c ./TIMER_program.o
                                0x3c0 (size before relaxing)
 .stab          0x00003708      0x264 ./main.o
                                0x4b0 (size before relaxing)

.stabstr        0x00000000     0x178f
 *(.stabstr)
 .stabstr       0x00000000     0x178f ./Buzzer_program.o

.stab.excl
 *(.stab.excl)

.stab.exclstr
 *(.stab.exclstr)

.stab.index
 *(.stab.index)

.stab.indexstr
 *(.stab.indexstr)

.comment
 *(.comment)

.debug
 *(.debug)

.line
 *(.line)

.debug_srcinfo
 *(.debug_srcinfo)

.debug_sfnames
 *(.debug_sfnames)

.debug_aranges  0x00000000      0x1a0
 *(.debug_aranges)
 .debug_aranges
                0x00000000       0x20 c:/users/hmamd/downloads/embedded system/imt_sdk_win_64/winavr/bin/../lib/gcc/avr/4.3.3/avr5\libgcc.a(_fixunssfsi.o)
 .debug_aranges
                0x00000020       0x20 c:/users/hmamd/downloads/embedded system/imt_sdk_win_64/winavr/bin/../lib/gcc/avr/4.3.3/avr5\libgcc.a(_addsub_sf.o)
 .debug_aranges
                0x00000040       0x20 c:/users/hmamd/downloads/embedded system/imt_sdk_win_64/winavr/bin/../lib/gcc/avr/4.3.3/avr5\libgcc.a(_mul_sf.o)
 .debug_aranges
                0x00000060       0x20 c:/users/hmamd/downloads/embedded system/imt_sdk_win_64/winavr/bin/../lib/gcc/avr/4.3.3/avr5\libgcc.a(_div_sf.o)
 .debug_aranges
                0x00000080       0x20 c:/users/hmamd/downloads/embedded system/imt_sdk_win_64/winavr/bin/../lib/gcc/avr/4.3.3/avr5\libgcc.a(_gt_sf.o)
 .debug_aranges
                0x000000a0       0x20 c:/users/hmamd/downloads/embedded system/imt_sdk_win_64/winavr/bin/../lib/gcc/avr/4.3.3/avr5\libgcc.a(_ge_sf.o)
 .debug_aranges
                0x000000c0       0x20 c:/users/hmamd/downloads/embedded system/imt_sdk_win_64/winavr/bin/../lib/gcc/avr/4.3.3/avr5\libgcc.a(_lt_sf.o)
 .debug_aranges
                0x000000e0       0x20 c:/users/hmamd/downloads/embedded system/imt_sdk_win_64/winavr/bin/../lib/gcc/avr/4.3.3/avr5\libgcc.a(_si_to_sf.o)
 .debug_aranges
                0x00000100       0x20 c:/users/hmamd/downloads/embedded system/imt_sdk_win_64/winavr/bin/../lib/gcc/avr/4.3.3/avr5\libgcc.a(_sf_to_si.o)
 .debug_aranges
                0x00000120       0x20 c:/users/hmamd/downloads/embedded system/imt_sdk_win_64/winavr/bin/../lib/gcc/avr/4.3.3/avr5\libgcc.a(_clzsi2.o)
 .debug_aranges
                0x00000140       0x20 c:/users/hmamd/downloads/embedded system/imt_sdk_win_64/winavr/bin/../lib/gcc/avr/4.3.3/avr5\libgcc.a(_pack_sf.o)
 .debug_aranges
                0x00000160       0x20 c:/users/hmamd/downloads/embedded system/imt_sdk_win_64/winavr/bin/../lib/gcc/avr/4.3.3/avr5\libgcc.a(_unpack_sf.o)
 .debug_aranges
                0x00000180       0x20 c:/users/hmamd/downloads/embedded system/imt_sdk_win_64/winavr/bin/../lib/gcc/avr/4.3.3/avr5\libgcc.a(_fpcmp_parts_sf.o)

.debug_pubnames
                0x00000000      0x1f0
 *(.debug_pubnames)
 .debug_pubnames
                0x00000000       0x23 c:/users/hmamd/downloads/embedded system/imt_sdk_win_64/winavr/bin/../lib/gcc/avr/4.3.3/avr5\libgcc.a(_fixunssfsi.o)
 .debug_pubnames
                0x00000023       0x2c c:/users/hmamd/downloads/embedded system/imt_sdk_win_64/winavr/bin/../lib/gcc/avr/4.3.3/avr5\libgcc.a(_addsub_sf.o)
 .debug_pubnames
                0x0000004f       0x1f c:/users/hmamd/downloads/embedded system/imt_sdk_win_64/winavr/bin/../lib/gcc/avr/4.3.3/avr5\libgcc.a(_mul_sf.o)
 .debug_pubnames
                0x0000006e       0x1f c:/users/hmamd/downloads/embedded system/imt_sdk_win_64/winavr/bin/../lib/gcc/avr/4.3.3/avr5\libgcc.a(_div_sf.o)
 .debug_pubnames
                0x0000008d       0x1e c:/users/hmamd/downloads/embedded system/imt_sdk_win_64/winavr/bin/../lib/gcc/avr/4.3.3/avr5\libgcc.a(_gt_sf.o)
 .debug_pubnames
                0x000000ab       0x1e c:/users/hmamd/downloads/embedded system/imt_sdk_win_64/winavr/bin/../lib/gcc/avr/4.3.3/avr5\libgcc.a(_ge_sf.o)
 .debug_pubnames
                0x000000c9       0x1e c:/users/hmamd/downloads/embedded system/imt_sdk_win_64/winavr/bin/../lib/gcc/avr/4.3.3/avr5\libgcc.a(_lt_sf.o)
 .debug_pubnames
                0x000000e7       0x22 c:/users/hmamd/downloads/embedded system/imt_sdk_win_64/winavr/bin/../lib/gcc/avr/4.3.3/avr5\libgcc.a(_si_to_sf.o)
 .debug_pubnames
                0x00000109       0x20 c:/users/hmamd/downloads/embedded system/imt_sdk_win_64/winavr/bin/../lib/gcc/avr/4.3.3/avr5\libgcc.a(_sf_to_si.o)
 .debug_pubnames
                0x00000129       0x22 c:/users/hmamd/downloads/embedded system/imt_sdk_win_64/winavr/bin/../lib/gcc/avr/4.3.3/avr5\libgcc.a(_thenan_sf.o)
 .debug_pubnames
                0x0000014b       0x1f c:/users/hmamd/downloads/embedded system/imt_sdk_win_64/winavr/bin/../lib/gcc/avr/4.3.3/avr5\libgcc.a(_clzsi2.o)
 .debug_pubnames
                0x0000016a       0x1f c:/users/hmamd/downloads/embedded system/imt_sdk_win_64/winavr/bin/../lib/gcc/avr/4.3.3/avr5\libgcc.a(_pack_sf.o)
 .debug_pubnames
                0x00000189       0x21 c:/users/hmamd/downloads/embedded system/imt_sdk_win_64/winavr/bin/../lib/gcc/avr/4.3.3/avr5\libgcc.a(_unpack_sf.o)
 .debug_pubnames
                0x000001aa       0x26 c:/users/hmamd/downloads/embedded system/imt_sdk_win_64/winavr/bin/../lib/gcc/avr/4.3.3/avr5\libgcc.a(_fpcmp_parts_sf.o)
 .debug_pubnames
                0x000001d0       0x20 c:/users/hmamd/downloads/embedded system/imt_sdk_win_64/winavr/bin/../lib/gcc/avr/4.3.3/avr5\libgcc.a(_clz.o)

.debug_info     0x00000000     0x240c
 *(.debug_info)
 .debug_info    0x00000000       0xb1 c:/users/hmamd/downloads/embedded system/imt_sdk_win_64/winavr/bin/../lib/gcc/avr/4.3.3/avr5\libgcc.a(_fixunssfsi.o)
 .debug_info    0x000000b1      0x47a c:/users/hmamd/downloads/embedded system/imt_sdk_win_64/winavr/bin/../lib/gcc/avr/4.3.3/avr5\libgcc.a(_addsub_sf.o)
 .debug_info    0x0000052b      0x485 c:/users/hmamd/downloads/embedded system/imt_sdk_win_64/winavr/bin/../lib/gcc/avr/4.3.3/avr5\libgcc.a(_mul_sf.o)
 .debug_info    0x000009b0      0x3fc c:/users/hmamd/downloads/embedded system/imt_sdk_win_64/winavr/bin/../lib/gcc/avr/4.3.3/avr5\libgcc.a(_div_sf.o)
 .debug_info    0x00000dac      0x27f c:/users/hmamd/downloads/embedded system/imt_sdk_win_64/winavr/bin/../lib/gcc/avr/4.3.3/avr5\libgcc.a(_gt_sf.o)
 .debug_info    0x0000102b      0x27f c:/users/hmamd/downloads/embedded system/imt_sdk_win_64/winavr/bin/../lib/gcc/avr/4.3.3/avr5\libgcc.a(_ge_sf.o)
 .debug_info    0x000012aa      0x27f c:/users/hmamd/downloads/embedded system/imt_sdk_win_64/winavr/bin/../lib/gcc/avr/4.3.3/avr5\libgcc.a(_lt_sf.o)
 .debug_info    0x00001529      0x207 c:/users/hmamd/downloads/embedded system/imt_sdk_win_64/winavr/bin/../lib/gcc/avr/4.3.3/avr5\libgcc.a(_si_to_sf.o)
 .debug_info    0x00001730      0x2b0 c:/users/hmamd/downloads/embedded system/imt_sdk_win_64/winavr/bin/../lib/gcc/avr/4.3.3/avr5\libgcc.a(_sf_to_si.o)
 .debug_info    0x000019e0      0x12c c:/users/hmamd/downloads/embedded system/imt_sdk_win_64/winavr/bin/../lib/gcc/avr/4.3.3/avr5\libgcc.a(_thenan_sf.o)
 .debug_info    0x00001b0c      0x117 c:/users/hmamd/downloads/embedded system/imt_sdk_win_64/winavr/bin/../lib/gcc/avr/4.3.3/avr5\libgcc.a(_clzsi2.o)
 .debug_info    0x00001c23      0x2df c:/users/hmamd/downloads/embedded system/imt_sdk_win_64/winavr/bin/../lib/gcc/avr/4.3.3/avr5\libgcc.a(_pack_sf.o)
 .debug_info    0x00001f02      0x251 c:/users/hmamd/downloads/embedded system/imt_sdk_win_64/winavr/bin/../lib/gcc/avr/4.3.3/avr5\libgcc.a(_unpack_sf.o)
 .debug_info    0x00002153      0x210 c:/users/hmamd/downloads/embedded system/imt_sdk_win_64/winavr/bin/../lib/gcc/avr/4.3.3/avr5\libgcc.a(_fpcmp_parts_sf.o)
 .debug_info    0x00002363       0xa9 c:/users/hmamd/downloads/embedded system/imt_sdk_win_64/winavr/bin/../lib/gcc/avr/4.3.3/avr5\libgcc.a(_clz.o)
 *(.gnu.linkonce.wi.*)

.debug_abbrev   0x00000000     0x1377
 *(.debug_abbrev)
 .debug_abbrev  0x00000000       0x5d c:/users/hmamd/downloads/embedded system/imt_sdk_win_64/winavr/bin/../lib/gcc/avr/4.3.3/avr5\libgcc.a(_fixunssfsi.o)
 .debug_abbrev  0x0000005d      0x1ea c:/users/hmamd/downloads/embedded system/imt_sdk_win_64/winavr/bin/../lib/gcc/avr/4.3.3/avr5\libgcc.a(_addsub_sf.o)
 .debug_abbrev  0x00000247      0x21b c:/users/hmamd/downloads/embedded system/imt_sdk_win_64/winavr/bin/../lib/gcc/avr/4.3.3/avr5\libgcc.a(_mul_sf.o)
 .debug_abbrev  0x00000462      0x216 c:/users/hmamd/downloads/embedded system/imt_sdk_win_64/winavr/bin/../lib/gcc/avr/4.3.3/avr5\libgcc.a(_div_sf.o)
 .debug_abbrev  0x00000678      0x15a c:/users/hmamd/downloads/embedded system/imt_sdk_win_64/winavr/bin/../lib/gcc/avr/4.3.3/avr5\libgcc.a(_gt_sf.o)
 .debug_abbrev  0x000007d2      0x15a c:/users/hmamd/downloads/embedded system/imt_sdk_win_64/winavr/bin/../lib/gcc/avr/4.3.3/avr5\libgcc.a(_ge_sf.o)
 .debug_abbrev  0x0000092c      0x15a c:/users/hmamd/downloads/embedded system/imt_sdk_win_64/winavr/bin/../lib/gcc/avr/4.3.3/avr5\libgcc.a(_lt_sf.o)
 .debug_abbrev  0x00000a86      0x148 c:/users/hmamd/downloads/embedded system/imt_sdk_win_64/winavr/bin/../lib/gcc/avr/4.3.3/avr5\libgcc.a(_si_to_sf.o)
 .debug_abbrev  0x00000bce      0x17f c:/users/hmamd/downloads/embedded system/imt_sdk_win_64/winavr/bin/../lib/gcc/avr/4.3.3/avr5\libgcc.a(_sf_to_si.o)
 .debug_abbrev  0x00000d4d       0xad c:/users/hmamd/downloads/embedded system/imt_sdk_win_64/winavr/bin/../lib/gcc/avr/4.3.3/avr5\libgcc.a(_thenan_sf.o)
 .debug_abbrev  0x00000dfa       0xc4 c:/users/hmamd/downloads/embedded system/imt_sdk_win_64/winavr/bin/../lib/gcc/avr/4.3.3/avr5\libgcc.a(_clzsi2.o)
 .debug_abbrev  0x00000ebe      0x1c0 c:/users/hmamd/downloads/embedded system/imt_sdk_win_64/winavr/bin/../lib/gcc/avr/4.3.3/avr5\libgcc.a(_pack_sf.o)
 .debug_abbrev  0x0000107e      0x154 c:/users/hmamd/downloads/embedded system/imt_sdk_win_64/winavr/bin/../lib/gcc/avr/4.3.3/avr5\libgcc.a(_unpack_sf.o)
 .debug_abbrev  0x000011d2      0x13b c:/users/hmamd/downloads/embedded system/imt_sdk_win_64/winavr/bin/../lib/gcc/avr/4.3.3/avr5\libgcc.a(_fpcmp_parts_sf.o)
 .debug_abbrev  0x0000130d       0x6a c:/users/hmamd/downloads/embedded system/imt_sdk_win_64/winavr/bin/../lib/gcc/avr/4.3.3/avr5\libgcc.a(_clz.o)

.debug_line     0x00000000     0x11d8
 *(.debug_line)
 .debug_line    0x00000000       0xa7 c:/users/hmamd/downloads/embedded system/imt_sdk_win_64/winavr/bin/../lib/gcc/avr/4.3.3/avr5\libgcc.a(_fixunssfsi.o)
 .debug_line    0x000000a7      0x2af c:/users/hmamd/downloads/embedded system/imt_sdk_win_64/winavr/bin/../lib/gcc/avr/4.3.3/avr5\libgcc.a(_addsub_sf.o)
 .debug_line    0x00000356      0x239 c:/users/hmamd/downloads/embedded system/imt_sdk_win_64/winavr/bin/../lib/gcc/avr/4.3.3/avr5\libgcc.a(_mul_sf.o)
 .debug_line    0x0000058f      0x1d5 c:/users/hmamd/downloads/embedded system/imt_sdk_win_64/winavr/bin/../lib/gcc/avr/4.3.3/avr5\libgcc.a(_div_sf.o)
 .debug_line    0x00000764       0xd3 c:/users/hmamd/downloads/embedded system/imt_sdk_win_64/winavr/bin/../lib/gcc/avr/4.3.3/avr5\libgcc.a(_gt_sf.o)
 .debug_line    0x00000837       0xd3 c:/users/hmamd/downloads/embedded system/imt_sdk_win_64/winavr/bin/../lib/gcc/avr/4.3.3/avr5\libgcc.a(_ge_sf.o)
 .debug_line    0x0000090a       0xd3 c:/users/hmamd/downloads/embedded system/imt_sdk_win_64/winavr/bin/../lib/gcc/avr/4.3.3/avr5\libgcc.a(_lt_sf.o)
 .debug_line    0x000009dd      0x135 c:/users/hmamd/downloads/embedded system/imt_sdk_win_64/winavr/bin/../lib/gcc/avr/4.3.3/avr5\libgcc.a(_si_to_sf.o)
 .debug_line    0x00000b12      0x109 c:/users/hmamd/downloads/embedded system/imt_sdk_win_64/winavr/bin/../lib/gcc/avr/4.3.3/avr5\libgcc.a(_sf_to_si.o)
 .debug_line    0x00000c1b       0x90 c:/users/hmamd/downloads/embedded system/imt_sdk_win_64/winavr/bin/../lib/gcc/avr/4.3.3/avr5\libgcc.a(_thenan_sf.o)
 .debug_line    0x00000cab       0xa5 c:/users/hmamd/downloads/embedded system/imt_sdk_win_64/winavr/bin/../lib/gcc/avr/4.3.3/avr5\libgcc.a(_clzsi2.o)
 .debug_line    0x00000d50      0x18a c:/users/hmamd/downloads/embedded system/imt_sdk_win_64/winavr/bin/../lib/gcc/avr/4.3.3/avr5\libgcc.a(_pack_sf.o)
 .debug_line    0x00000eda      0x14b c:/users/hmamd/downloads/embedded system/imt_sdk_win_64/winavr/bin/../lib/gcc/avr/4.3.3/avr5\libgcc.a(_unpack_sf.o)
 .debug_line    0x00001025      0x137 c:/users/hmamd/downloads/embedded system/imt_sdk_win_64/winavr/bin/../lib/gcc/avr/4.3.3/avr5\libgcc.a(_fpcmp_parts_sf.o)
 .debug_line    0x0000115c       0x7c c:/users/hmamd/downloads/embedded system/imt_sdk_win_64/winavr/bin/../lib/gcc/avr/4.3.3/avr5\libgcc.a(_clz.o)

.debug_frame    0x00000000      0x1c0
 *(.debug_frame)
 .debug_frame   0x00000000       0x20 c:/users/hmamd/downloads/embedded system/imt_sdk_win_64/winavr/bin/../lib/gcc/avr/4.3.3/avr5\libgcc.a(_fixunssfsi.o)
 .debug_frame   0x00000020       0x40 c:/users/hmamd/downloads/embedded system/imt_sdk_win_64/winavr/bin/../lib/gcc/avr/4.3.3/avr5\libgcc.a(_addsub_sf.o)
 .debug_frame   0x00000060       0x20 c:/users/hmamd/downloads/embedded system/imt_sdk_win_64/winavr/bin/../lib/gcc/avr/4.3.3/avr5\libgcc.a(_mul_sf.o)
 .debug_frame   0x00000080       0x20 c:/users/hmamd/downloads/embedded system/imt_sdk_win_64/winavr/bin/../lib/gcc/avr/4.3.3/avr5\libgcc.a(_div_sf.o)
 .debug_frame   0x000000a0       0x20 c:/users/hmamd/downloads/embedded system/imt_sdk_win_64/winavr/bin/../lib/gcc/avr/4.3.3/avr5\libgcc.a(_gt_sf.o)
 .debug_frame   0x000000c0       0x20 c:/users/hmamd/downloads/embedded system/imt_sdk_win_64/winavr/bin/../lib/gcc/avr/4.3.3/avr5\libgcc.a(_ge_sf.o)
 .debug_frame   0x000000e0       0x20 c:/users/hmamd/downloads/embedded system/imt_sdk_win_64/winavr/bin/../lib/gcc/avr/4.3.3/avr5\libgcc.a(_lt_sf.o)
 .debug_frame   0x00000100       0x20 c:/users/hmamd/downloads/embedded system/imt_sdk_win_64/winavr/bin/../lib/gcc/avr/4.3.3/avr5\libgcc.a(_si_to_sf.o)
 .debug_frame   0x00000120       0x20 c:/users/hmamd/downloads/embedded system/imt_sdk_win_64/winavr/bin/../lib/gcc/avr/4.3.3/avr5\libgcc.a(_sf_to_si.o)
 .debug_frame   0x00000140       0x20 c:/users/hmamd/downloads/embedded system/imt_sdk_win_64/winavr/bin/../lib/gcc/avr/4.3.3/avr5\libgcc.a(_clzsi2.o)
 .debug_frame   0x00000160       0x20 c:/users/hmamd/downloads/embedded system/imt_sdk_win_64/winavr/bin/../lib/gcc/avr/4.3.3/avr5\libgcc.a(_pack_sf.o)
 .debug_frame   0x00000180       0x20 c:/users/hmamd/downloads/embedded system/imt_sdk_win_64/winavr/bin/../lib/gcc/avr/4.3.3/avr5\libgcc.a(_unpack_sf.o)
 .debug_frame   0x000001a0       0x20 c:/users/hmamd/downloads/embedded system/imt_sdk_win_64/winavr/bin/../lib/gcc/avr/4.3.3/avr5\libgcc.a(_fpcmp_parts_sf.o)

.debug_str      0x00000000      0x2f3
 *(.debug_str)
 .debug_str     0x00000000       0xbf c:/users/hmamd/downloads/embedded system/imt_sdk_win_64/winavr/bin/../lib/gcc/avr/4.3.3/avr5\libgcc.a(_fixunssfsi.o)
                                 0xfe (size before relaxing)
 .debug_str     0x000000bf      0x14d c:/users/hmamd/downloads/embedded system/imt_sdk_win_64/winavr/bin/../lib/gcc/avr/4.3.3/avr5\libgcc.a(_addsub_sf.o)
                                0x206 (size before relaxing)
 .debug_str     0x0000020c       0x27 c:/users/hmamd/downloads/embedded system/imt_sdk_win_64/winavr/bin/../lib/gcc/avr/4.3.3/avr5\libgcc.a(_mul_sf.o)
                                0x1bf (size before relaxing)
 .debug_str     0x00000233       0x35 c:/users/hmamd/downloads/embedded system/imt_sdk_win_64/winavr/bin/../lib/gcc/avr/4.3.3/avr5\libgcc.a(_div_sf.o)
                                0x1c8 (size before relaxing)
 .debug_str     0x00000268        0x8 c:/users/hmamd/downloads/embedded system/imt_sdk_win_64/winavr/bin/../lib/gcc/avr/4.3.3/avr5\libgcc.a(_gt_sf.o)
                                0x195 (size before relaxing)
 .debug_str     0x00000270        0x8 c:/users/hmamd/downloads/embedded system/imt_sdk_win_64/winavr/bin/../lib/gcc/avr/4.3.3/avr5\libgcc.a(_ge_sf.o)
                                0x195 (size before relaxing)
 .debug_str     0x00000278        0x8 c:/users/hmamd/downloads/embedded system/imt_sdk_win_64/winavr/bin/../lib/gcc/avr/4.3.3/avr5\libgcc.a(_lt_sf.o)
                                0x195 (size before relaxing)
 .debug_str     0x00000280       0x1e c:/users/hmamd/downloads/embedded system/imt_sdk_win_64/winavr/bin/../lib/gcc/avr/4.3.3/avr5\libgcc.a(_si_to_sf.o)
                                0x17b (size before relaxing)
 .debug_str     0x0000029e        0xa c:/users/hmamd/downloads/embedded system/imt_sdk_win_64/winavr/bin/../lib/gcc/avr/4.3.3/avr5\libgcc.a(_sf_to_si.o)
                                0x19e (size before relaxing)
 .debug_str     0x00000000      0x103 c:/users/hmamd/downloads/embedded system/imt_sdk_win_64/winavr/bin/../lib/gcc/avr/4.3.3/avr5\libgcc.a(_thenan_sf.o)
 .debug_str     0x000002a8       0x20 c:/users/hmamd/downloads/embedded system/imt_sdk_win_64/winavr/bin/../lib/gcc/avr/4.3.3/avr5\libgcc.a(_clzsi2.o)
                                0x111 (size before relaxing)
 .debug_str     0x000002c8       0x10 c:/users/hmamd/downloads/embedded system/imt_sdk_win_64/winavr/bin/../lib/gcc/avr/4.3.3/avr5\libgcc.a(_pack_sf.o)
                                0x19d (size before relaxing)
 .debug_str     0x000002d8        0xb c:/users/hmamd/downloads/embedded system/imt_sdk_win_64/winavr/bin/../lib/gcc/avr/4.3.3/avr5\libgcc.a(_unpack_sf.o)
                                0x17f (size before relaxing)
 .debug_str     0x000002e3       0x10 c:/users/hmamd/downloads/embedded system/imt_sdk_win_64/winavr/bin/../lib/gcc/avr/4.3.3/avr5\libgcc.a(_fpcmp_parts_sf.o)
                                0x163 (size before relaxing)
 .debug_str     0x00000000       0xf4 c:/users/hmamd/downloads/embedded system/imt_sdk_win_64/winavr/bin/../lib/gcc/avr/4.3.3/avr5\libgcc.a(_clz.o)

.debug_loc      0x00000000      0x9ce
 *(.debug_loc)
 .debug_loc     0x00000000       0x34 c:/users/hmamd/downloads/embedded system/imt_sdk_win_64/winavr/bin/../lib/gcc/avr/4.3.3/avr5\libgcc.a(_fixunssfsi.o)
 .debug_loc     0x00000034      0x32a c:/users/hmamd/downloads/embedded system/imt_sdk_win_64/winavr/bin/../lib/gcc/avr/4.3.3/avr5\libgcc.a(_addsub_sf.o)
 .debug_loc     0x0000035e      0x104 c:/users/hmamd/downloads/embedded system/imt_sdk_win_64/winavr/bin/../lib/gcc/avr/4.3.3/avr5\libgcc.a(_mul_sf.o)
 .debug_loc     0x00000462       0xc0 c:/users/hmamd/downloads/embedded system/imt_sdk_win_64/winavr/bin/../lib/gcc/avr/4.3.3/avr5\libgcc.a(_div_sf.o)
 .debug_loc     0x00000522       0x3c c:/users/hmamd/downloads/embedded system/imt_sdk_win_64/winavr/bin/../lib/gcc/avr/4.3.3/avr5\libgcc.a(_gt_sf.o)
 .debug_loc     0x0000055e       0x3c c:/users/hmamd/downloads/embedded system/imt_sdk_win_64/winavr/bin/../lib/gcc/avr/4.3.3/avr5\libgcc.a(_ge_sf.o)
 .debug_loc     0x0000059a       0x3c c:/users/hmamd/downloads/embedded system/imt_sdk_win_64/winavr/bin/../lib/gcc/avr/4.3.3/avr5\libgcc.a(_lt_sf.o)
 .debug_loc     0x000005d6       0xac c:/users/hmamd/downloads/embedded system/imt_sdk_win_64/winavr/bin/../lib/gcc/avr/4.3.3/avr5\libgcc.a(_si_to_sf.o)
 .debug_loc     0x00000682       0x7e c:/users/hmamd/downloads/embedded system/imt_sdk_win_64/winavr/bin/../lib/gcc/avr/4.3.3/avr5\libgcc.a(_sf_to_si.o)
 .debug_loc     0x00000700       0x94 c:/users/hmamd/downloads/embedded system/imt_sdk_win_64/winavr/bin/../lib/gcc/avr/4.3.3/avr5\libgcc.a(_clzsi2.o)
 .debug_loc     0x00000794      0x13e c:/users/hmamd/downloads/embedded system/imt_sdk_win_64/winavr/bin/../lib/gcc/avr/4.3.3/avr5\libgcc.a(_pack_sf.o)
 .debug_loc     0x000008d2       0xac c:/users/hmamd/downloads/embedded system/imt_sdk_win_64/winavr/bin/../lib/gcc/avr/4.3.3/avr5\libgcc.a(_unpack_sf.o)
 .debug_loc     0x0000097e       0x50 c:/users/hmamd/downloads/embedded system/imt_sdk_win_64/winavr/bin/../lib/gcc/avr/4.3.3/avr5\libgcc.a(_fpcmp_parts_sf.o)

.debug_macinfo
 *(.debug_macinfo)
OUTPUT(Final_AVR.elf elf32-avr)
LOAD linker stubs

.debug_ranges   0x00000000       0x50
 .debug_ranges  0x00000000       0x50 c:/users/hmamd/downloads/embedded system/imt_sdk_win_64/winavr/bin/../lib/gcc/avr/4.3.3/avr5\libgcc.a(_mul_sf.o)
